Executing action: monitor
Serial port /dev/ttyACM0:
Connecting....
Detecting chip type...[0;33m--- esp-idf-monitor 1.9.0 on /dev/ttyACM0 115200[0m
[0;33m--- Quit: Ctrl+] | Menu: Ctrl+T | Help: Ctrl+T followed by Ctrl+H[0m
 ESP32-C3
Running idf_monitor in directory /home/stephan/esp/esp-projects/WiDF-Manager-1.1v
Executing "/home/stephan/.espressif/tools/python/v6.0/venv/bin/python /home/stephan/.espressif/v6.0/esp-idf/tools/idf_monitor.py -p /dev/ttyACM0 -b 115200 --toolchain-prefix riscv32-esp-elf- --target esp32c3 --revision 3 --decode-panic backtrace /home/stephan/esp/esp-projects/WiDF-Manager-1.1v/build/widf_mngr.elf /home/stephan/esp/esp-projects/WiDF-Manager-1.1v/build/bootloader/bootloader.elf -m '/home/stephan/.espressif/tools/python/v6.0/venv/bin/python' '/home/stephan/.espressif/v6.0/esp-idf/tools/idf.py'"...
ESP-ROM:esp32c3-api1-20210207
Build:Feb  7 2021
rst:0x1 (POWERON),boot:0xc (SPI_FAST_FLASH_BOOT)
SPIWP:0xee
mode:DIO, clock div:1
load:0x3fcd5830,len:0x155c
load:0x403cbf10,len:0xce0
[0m--- 0x403cbf10: [0;33mesp_bootloader_get_description[0m[0m at [0;32m/home/stephan/.espressif/v6.0/esp-idf/components/esp_bootloader_format/esp_bootloader_desc.c[0m[0m:[1;31m40[0m
load:0x403ce710,len:0x2fbc
[0m--- 0x403ce710: [0;33mesp_flash_encryption_enabled[0m[0m at [0;32m/home/stephan/.espressif/v6.0/esp-idf/components/bootloader_support/src/flash_encrypt.c[0m[0m:[1;31m93[0m
entry 0x403cbf1a
[0m--- 0x403cbf1a: [0;33mcall_start_cpu0[0m[0m at [0;32m/home/stephan/.espressif/v6.0/esp-idf/components/bootloader/subproject/main/bootloader_start.c[0m[0m:[1;31m27[0m
[0;32mI (30) boot: ESP-IDF v6.0 2nd stage bootloader[0m
[0;32mI (30) boot: compile time Apr 26 2026 20:02:59[0m
[0;32mI (30) boot: chip revision: v0.3[0m
[0;32mI (30) boot: efuse block revision: v1.1[0m
[0;32mI (34) boot.esp32c3: SPI Speed      : 80MHz[0m
[0;32mI (38) boot.esp32c3: SPI Mode       : DIO[0m
[0;32mI (41) boot.esp32c3: SPI Flash Size : 4MB[0m
[0;32mI (45) boot: Enabling RNG early entropy source...[0m
[0;32mI (50) boot: Partition Table:[0m
[0;32mI (52) boot: ## Label            Usage          Type ST Offset   Length[0m
[0;32mI (58) boot:  0 nvs              WiFi data        01 02 00009000 00006000[0m
[0;32mI (65) boot:  1 phy_init         RF data          01 01 0000f000 00001000[0m
[0;32mI (72) boot:  2 otadata          OTA data         01 00 00010000 00002000[0m
[0;32mI (78) boot:  3 ota_0            OTA app          00 10 00020000 001c0000[0m
[0;32mI (85) boot:  4 ota_1            OTA app          00 11 001e0000 001c0000[0m
[0;32mI (91) boot: End of partition table[0m
[0;32mI (94) esp_image: segment 0: paddr=00020020 vaddr=3c0b0020 size=23bf4h (146420) map[0m
[0;32mI (125) esp_image: segment 1: paddr=00043c1c vaddr=3fc91600 size=033e0h ( 13280) load[0m
[0;32mI (127) esp_image: segment 2: paddr=00047004 vaddr=40380000 size=09014h ( 36884) load[0m
[0;32mI (135) esp_image: segment 3: paddr=00050020 vaddr=42000020 size=ac404h (705540) map[0m
[0;32mI (246) esp_image: segment 4: paddr=000fc42c vaddr=40389014 size=085c0h ( 34240) load[0m
[0;32mI (253) esp_image: segment 5: paddr=001049f4 vaddr=50000000 size=00024h (    36) load[0m
[0;32mI (258) boot: Loaded app from partition at offset 0x20000[0m
[0;32mI (258) boot: Disabling RNG early entropy source...[0m
[0;32mI (271) cpu_start: Unicore app[0m
[0;32mI (280) cpu_start: GPIO 20 and 21 are used as console UART I/O pins[0m
[0;32mI (280) cpu_start: Pro cpu start user code[0m
[0;32mI (280) cpu_start: cpu freq: 160000000 Hz[0m
[0;32mI (282) app_init: Application information:[0m
[0;32mI (286) app_init: Project name:     widf_mngr[0m
[0;32mI (290) app_init: App version:      1.1.2[0m
[0;32mI (294) app_init: Compile time:     Apr 26 2026 20:02:50[0m
[0;32mI (299) app_init: ELF file SHA256:  0544919ab...[0m
[0;32mI (303) app_init: ESP-IDF:          v6.0[0m
[0;32mI (307) efuse_init: Min chip rev:     v0.3[0m
[0;32mI (310) efuse_init: Max chip rev:     v1.99 [0m
[0;32mI (314) efuse_init: Chip rev:         v0.3[0m
[0;32mI (318) heap_init: Initializing. RAM available for dynamic allocation:[0m
[0;32mI (325) heap_init: At 3FC9AF20 len 000250E0 (148 KiB): RAM[0m
[0;32mI (330) heap_init: At 3FCC0000 len 0001C710 (113 KiB): Retention RAM[0m
[0;32mI (336) heap_init: At 3FCDC710 len 00002950 (10 KiB): Retention RAM[0m
[0;32mI (342) heap_init: At 50000024 len 00001FC4 (7 KiB): RTCRAM[0m
[0;32mI (348) spi_flash: detected chip: generic[0m
[0;32mI (351) spi_flash: flash io: dio[0m
[0;32mI (354) sleep_gpio: Configure to isolate all GPIO pins in sleep state[0m
[0;32mI (360) sleep_gpio: Enable automatic switching of GPIO sleep configuration[0m
[0;32mI (367) main_task: Started on CPU0[0m
[0;32mI (397) main_task: Calling app_main()[0m
[0;32mI (407) widf_mngr: Button configured on GPIO3 (3000 ms long press)[0m
[0;32mI (407) pp: pp rom version: 9387209[0m
[0;32mI (407) net80211: net80211 rom version: 9387209[0m
[0;32mI (417) wifi:wifi driver task: 3fca38fc, prio:23, stack:6656, core=0[0m
[0;32mI (417) wifi:wifi firmware version: 44738b4[0m
[0;32mI (417) wifi:wifi certification version: v7.0[0m
[0;32mI (427) wifi:config NVS flash: enabled[0m
[0;32mI (427) wifi:config nano formatting: disabled[0m
[0;32mI (427) wifi:Init data frame dynamic rx buffer num: 32[0m
[0;32mI (437) wifi:Init static rx mgmt buffer num: 5[0m
[0;32mI (437) wifi:Init management short buffer num: 32[0m
[0;32mI (447) wifi:Init dynamic tx buffer num: 32[0m
[0;32mI (447) wifi:Init static tx FG buffer num: 2[0m
[0;32mI (447) wifi:Init static rx buffer size: 1600[0m
[0;32mI (457) wifi:Init static rx buffer num: 10[0m
[0;32mI (457) wifi:Init dynamic rx buffer num: 32[0m
[0;32mI (467) wifi_init: rx ba win: 6[0m
[0;32mI (467) wifi_init: accept mbox: 6[0m
[0;32mI (467) wifi_init: tcpip mbox: 32[0m
[0;32mI (467) wifi_init: udp mbox: 6[0m
[0;32mI (477) wifi_init: tcp mbox: 6[0m
[0;32mI (477) wifi_init: tcp tx win: 5760[0m
[0;32mI (477) wifi_init: tcp rx win: 5760[0m
[0;32mI (487) wifi_init: tcp mss: 1440[0m
[0;32mI (487) wifi_init: WiFi IRAM OP enabled[0m
[0;32mI (487) wifi_init: WiFi RX IRAM OP enabled[0m
[0;32mI (507) phy_init: phy_version 1232,d493f299,Aug 25 2025,19:01:20[0m
[0;32mI (547) wifi:mode : sta (7c:df:a1:a3:48:18) + softAP (7c:df:a1:a3:48:19)[0m
[0;32mI (547) wifi:enable tsf[0m
[0;32mI (547) wifi:Total power save buffer number: 16[0m
[0;32mI (547) wifi:Init max length of beacon: 752/752[0m
[0;32mI (547) wifi:Init max length of beacon: 752/752[0m
[0;32mI (557) esp_netif_lwip: DHCP server started on interface WIFI_AP_DEF with IP: 192.168.4.1[0m
[0;32mI (567) widf_mngr: Network[0] loaded: GL-MT300N-V2-3a0[0m
[0;32mI (567) widf_mngr: Trying network [1/1]: GL-MT300N-V2-3a0[0m
[0;33mW (567) wifi:Password length matches WPA2 standards, authmode threshold changes from OPEN to WPA2[0m
[0;32mI (577) app: EVENT: STA_TRYING — GL-MT300N-V2-3a0 (3 retries budget)[0m
[0;32mI (597) wifi:ap channel adjust o:3,1 n:1,1[0m
[0;32mI (597) wifi:new:<1,1>, old:<3,1>, ap:<1,1>, sta:<1,1>, prof:3, snd_ch_cfg:0x0[0m
[0;32mI (597) wifi:state: init -> auth (0xb0)[0m
[0;32mI (617) wifi:state: auth -> assoc (0x0)[0m
[0;32mI (627) wifi:state: assoc -> run (0x10)[0m
[0;32mI (747) wifi:connected with GL-MT300N-V2-3a0, aid = 2, channel 1, 40U, bssid = 94:83:c4:02:a3:a0[0m
[0;32mI (747) wifi:security: WPA2-PSK, phy: bgn, rssi: -42[0m
[0;32mI (757) wifi:pm start, type: 1[0m

[0;32mI (757) wifi:dp: 1, bi: 102400, li: 3, scale listen interval from 307200 us to 307200 us[0m
[0;32mI (767) wifi:set rx beacon pti, rx_bcn_pti: 0, bcn_timeout: 25000, mt_pti: 0, mt_time: 10000[0m
[0;32mI (807) wifi:<ba-add>idx:0 (ifx:0, 94:83:c4:02:a3:a0), tid:6, ssn:2, winSize:64[0m
[0;32mI (837) wifi:AP's beacon interval = 102400 us, DTIM period = 1[0m
[0;32mI (1797) esp_netif_handlers: sta ip: 192.168.8.143, mask: 255.255.255.0, gw: 192.168.8.1[0m
[0;32mI (1797) widf_mngr: Connected! IP: 192.168.8.143[0m
[0;32mI (1797) app: EVENT: STA_CONNECTED — GL-MT300N-V2-3a0 @ 192.168.8.143[0m
[0;32mI (1807) mdns_mem: mDNS task will be created from internal RAM[0m
[0;32mI (1807) widf_mngr: mDNS started — reachable at widf.local[0m
[0;32mI (1807) wifi:mode : sta (7c:df:a1:a3:48:18)[0m
[0;32mI (1827) widf_mngr: on_connect: AP down[0m
[0;32mI (4727) widf_mngr: Scan complete — 20 networks found[0m
[0;32mI (4727) widf_handlers: HTTP server started — 13 routes registered[0m
[0;32mI (4737) app: EVENT: PORTAL_OPENED[0m
[0;32mI (4737) widf_mngr: Portal open — timeout in 180 s, or press Exit in browser[0m
[0;32mI (5877) wifi:<ba-add>idx:1 (ifx:0, 94:83:c4:02:a3:a0), tid:0, ssn:2, winSize:64[0m
[0m
